// Jest Snapshot v1, https://goo.gl/fbAQLP

exports[`manager > actions > projects > should load a project and associated data 1`] = `
Object {
  "active": null,
  "all": Array [
    Object {
      "autoDeploy": false,
      "autoDeployTypes": Array [],
      "autoDeployWithCriticalErrors": false,
      "autoFetchFeeds": true,
      "autoFetchHour": 0,
      "autoFetchMinute": 0,
      "bounds": null,
      "buildConfig": Object {
        "fares": null,
        "fetchElevationUS": null,
        "stationTransfers": null,
        "subwayAccessTime": null,
      },
      "dateCreated": 1526305321824,
      "defaultTimeZone": null,
      "deployments": Array [
        Object {
          "dateCreated": 1553292345720,
          "deployedTo": null,
          "feedVersions": Array [
            undefined,
          ],
          "id": "mock-deployment-id-1",
          "lastDeployed": null,
          "name": "mock-deployment",
          "projectId": "mock-project-with-deployments-id",
        },
      ],
      "feedSources": Array [
        Object {
          "deployable": false,
          "id": "mock-feed-with-version-id",
          "isPublic": false,
          "labelIds": Array [],
          "lastUpdated": 1543389038810,
          "latestValidation": Object {
            "agencies": null,
            "agencyCount": 1,
            "avgDailyRevenueTime": 0,
            "bounds": Object {
              "east": -76.481211,
              "north": 39.0486949672717,
              "south": 38.92884,
              "west": -76.5673055566884,
            },
            "endDate": "20190801",
            "errorCount": 78,
            "feedVersionId": "mock-feed-version-id",
            "loadFailureReason": null,
            "loadStatus": "SUCCESS",
            "routeCount": 10,
            "startDate": "20180801",
            "stopCount": 237,
            "stopTimesCount": 11170,
            "tripCount": 415,
          },
          "name": "test feed with a version",
          "projectId": "mock-project-id",
        },
      ],
      "id": "mock-project-with-deployments-id",
      "labels": Array [],
      "lastUpdated": 1553236399556,
      "name": "mock-project-with-deployments",
      "organizationId": null,
      "otpServers": Array [],
      "peliasWebhookUrl": null,
      "pinnedDeploymentId": null,
      "routerConfig": Object {
        "driveDistanceReluctance": null,
        "itineraryFilters": Object {
          "nonTransitGeneralizedCostLimit": null,
        },
        "requestLogFile": null,
        "stairsReluctance": null,
        "updaters": null,
        "walkSpeed": null,
      },
      "sharedStopsConfig": null,
      "useCustomOsmBounds": false,
      "user": null,
    },
  ],
  "filter": Object {
    "feedSourceTableComparisonColumn": "DEPLOYED",
    "feedSourceTableFilterCountStrategy": "LATEST",
    "filter": null,
    "labels": Array [],
    "labelsFilterMode": "any",
    "searchText": null,
  },
  "isFetching": false,
  "sort": "alphabetically-asc",
}
`;

exports[`manager > actions > projects > should set a new feed source sort order 1`] = `
Object {
  "active": null,
  "all": Array [],
  "filter": Object {
    "feedSourceTableComparisonColumn": null,
    "feedSourceTableFilterCountStrategy": "LATEST",
    "filter": null,
    "labels": Array [],
    "labelsFilterMode": "any",
    "searchText": null,
  },
  "isFetching": false,
  "sort": "alphabetically-desc",
}
`;
